2025-02-17 12:48:26,331 - INFO - Image - Source: https://www.dellcdn.com/support/home/bundle/img/herosmnoauth.png, Alt: 
2025-02-17 12:48:26,333 - INFO - Hyperlink - Text: Privacy Statement., URL: https://www.dell.com/learn/in/en/incorp1/policies-privacy
2025-02-17 12:48:26,333 - INFO - Hyperlink - Text: Decline All, URL: No URL
2025-02-17 12:48:26,333 - INFO - Hyperlink - Text: Accept all, URL: No URL
2025-02-17 12:48:26,333 - INFO - Hyperlink - Text: Skip to main content, URL: #mh-main
2025-02-17 12:48:26,333 - INFO - Hyperlink - Text: No Text, URL: https://www.dell.com/en-in
2025-02-17 12:48:26,333 - INFO - Hyperlink - Text: Sign In, URL: No URL
2025-02-17 12:48:26,333 - INFO - Hyperlink - Text: No Text, URL: No URL
2025-02-17 12:48:26,333 - INFO - Hyperlink - Text: Dell Technologies, URL: https://www.dell.com/en-in
2025-02-17 12:48:26,334 - INFO - Hyperlink - Text: Premier Sign In, URL: https://www.dell.com/premier/home
2025-02-17 12:48:26,334 - INFO - Hyperlink - Text: Partner Program Sign In, URL: https://www.delltechnologies.com/partner/en-in/auth/partner-portal.htm
2025-02-17 12:48:26,334 - INFO - Hyperlink - Text: Support, URL: https://www.dell.com/support/home/en-in
2025-02-17 12:48:26,334 - INFO - Hyperlink - Text: Dell Technologies, URL: https://www.dell.com/en-in
2025-02-17 12:48:26,334 - INFO - Hyperlink - Text: Premier Sign In, URL: https://www.dell.com/premier/home
2025-02-17 12:48:26,334 - INFO - Hyperlink - Text: Partner Program Sign In, URL: https://www.delltechnologies.com/partner/en-in/auth/partner-portal.htm
2025-02-17 12:48:26,334 - INFO - Hyperlink - Text: Support, URL: https://www.dell.com/support/home/en-in
2025-02-17 12:48:26,334 - INFO - Hyperlink - Text: My Account, URL: https://www.dell.com/myaccount/en-in
2025-02-17 12:48:26,334 - INFO - Hyperlink - Text: Order Status, URL: https://www.dell.com/myaccount/en-in/orders
2025-02-17 12:48:26,334 - INFO - Hyperlink - Text: Profile Settings, URL: https://www.dell.com/myaccount/en-in/account-settings/profile
2025-02-17 12:48:26,335 - INFO - Hyperlink - Text: My Products, URL: https://www.dell.com/support/mps/en-in/myproducts
2025-02-17 12:48:26,335 - INFO - Hyperlink - Text: Sign Out, URL: https://www.dell.com/di/v3/fp/session/logout/3a4eea6a-4a4e-4f2e-be4a-adc5d51a357a?redirect_uri=
2025-02-17 12:48:26,335 - INFO - Hyperlink - Text: Sign In, URL: https://www.dell.com/di/v3/fp/session/authorize?client_id=3a4eea6a-4a4e-4f2e-be4a-adc5d51a357a&redirect_uri=
2025-02-17 12:48:26,335 - INFO - Hyperlink - Text: Create an Account, URL: https://www.dell.com/di/v3/fp/session/authorize?client_id=3a4eea6a-4a4e-4f2e-be4a-adc5d51a357a&action=register&redirect_uri=
2025-02-17 12:48:26,335 - INFO - Hyperlink - Text: Premier Sign In, URL: https://www.dell.com/premier/home
2025-02-17 12:48:26,336 - INFO - Hyperlink - Text: Partner Program Sign In, URL: https://www.delltechnologies.com/partner/en-in/auth/partner-portal.htm
2025-02-17 12:48:26,336 - INFO - Hyperlink - Text: Contact Us, URL: https://www.dell.com/en-in/lp/contact-us
2025-02-17 12:48:26,336 - INFO - Hyperlink - Text: IN/EN, URL: No URL
2025-02-17 12:48:26,336 - INFO - Hyperlink - Text: Cart, URL: No URL
2025-02-17 12:48:26,336 - INFO - Hyperlink - Text: No Text, URL: No URL
2025-02-17 12:48:26,336 - INFO - Hyperlink - Text: Products, URL: https://www.dell.com/en-in
2025-02-17 12:48:26,336 - INFO - Hyperlink - Text: Solutions, URL: https://www.dell.com/en-in/lp/dt/solutions
2025-02-17 12:48:26,337 - INFO - Hyperlink - Text: Services, URL: https://www.dell.com/en-in/lp/dt/services
2025-02-17 12:48:26,337 - INFO - Hyperlink - Text: Support Home, URL: https://www.dell.com/support/home/en-in
2025-02-17 12:48:26,337 - INFO - Hyperlink - Text: Support Library, URL: https://www.dell.com/support/contents/en-in/category/product-support/self-support-knowledgebase
2025-02-17 12:48:26,337 - INFO - Hyperlink - Text: Support Videos, URL: https://www.dell.com/support/contents/en-in/videos
2025-02-17 12:48:26,337 - INFO - Hyperlink - Text: Support Services & Warranty, URL: https://www.dell.com/support/contractservices/en-in/
2025-02-17 12:48:26,338 - INFO - Hyperlink - Text: Drivers & Downloads, URL: https://www.dell.com/support/home/en-in?app=drivers
2025-02-17 12:48:26,338 - INFO - Hyperlink - Text: Manuals & Documentation, URL: https://www.dell.com/support/home/en-in?app=manuals
2025-02-17 12:48:26,338 - INFO - Hyperlink - Text: PC Diagnostics, URL: https://www.dell.com/support/home/en-in/quicktest
2025-02-17 12:48:26,338 - INFO - Hyperlink - Text: Self-Repair & Parts, URL: https://www.dell.com/support/contents/en-in/article/warranty/Self-Repair
2025-02-17 12:48:26,339 - INFO - Hyperlink - Text: Service Requests & Dispatch Status, URL: https://www.dell.com/support/incidents-online/en-in/srsearch
2025-02-17 12:48:26,339 - INFO - Hyperlink - Text: Order Support, URL: https://www.dell.com/support/order-status/en-in/order-support
2025-02-17 12:48:26,339 - INFO - Hyperlink - Text: Contact Technical Support, URL: https://www.dell.com/support/incidents-online/en-in/contactus/dynamic?spestate
2025-02-17 12:48:26,339 - INFO - Hyperlink - Text: Community, URL: https://www.dell.com/community/en/categories/dell-community
2025-02-17 12:48:26,339 - INFO - Hyperlink - Text: Contact Us, URL: https://www.dell.com/en-in/lp/contact-us
2025-02-17 12:48:26,340 - INFO - Hyperlink - Text: Sign In, URL: https://www.dell.com/dci/fp/session/authorize?client_id=3a4eea6a-4a4e-4f2e-be4a-adc5d51a357a&redirect_uri=https%3A%2F%2Fwww.dell.com%2Fsupport%2Fhome%2Fen-in
2025-02-17 12:48:26,340 - INFO - Hyperlink - Text: Create an Account, URL: https://www.dell.com/di/v3/fp/session/authorize?client_id=3a4eea6a-4a4e-4f2e-be4a-adc5d51a357a&action=register&redirect_uri=https%3A%2F%2Fwww.dell.com%2Fsupport%2Fhome%2Fen-in
2025-02-17 12:48:26,340 - INFO - Hyperlink - Text: Visit our business support site, URL: https://www.dell.com/dci/fp/session/authorize?client_id=3a4eea6a-4a4e-4f2e-be4a-adc5d51a357a&redirect_uri=https%3A%2F%2Fwww.dell.com%2Fsupport%2Fhome%2Fen-in
2025-02-17 12:48:26,350 - INFO - Hyperlink - Text: Need help with Windows?, URL: https://www.dell.com/support/contents/en-in/category/product-support/self-support-knowledgebase/operating-systems/windows-operating-systems
2025-02-17 12:48:26,350 - INFO - Hyperlink - Text: Update Drivers, URL: https://www.dell.com/support/home/en-in?app=drivers
2025-02-17 12:48:26,350 - INFO - Hyperlink - Text: Scan Hardware, URL: https://www.dell.com/support/home/en-in/quicktest
2025-02-17 12:48:26,350 - INFO - Hyperlink - Text: Visit Service Requests, URL: https://www.dell.com/support/incidents-online/en-in/srsearch
2025-02-17 12:48:26,350 - INFO - Hyperlink - Text: Manage Support Services, URL: https://www.dell.com/support/home/en-in?app=warranty
2025-02-17 12:48:26,350 - INFO - Hyperlink - Text: Find Order Status, URL: https://www.dell.com/support/order-status/en-in/order-support
2025-02-17 12:48:26,350 - INFO - Hyperlink - Text: click here, URL: https://www.dell.com/support/kbdoc/000021768
2025-02-17 12:48:26,350 - INFO - Hyperlink - Text: How to find your product identifier, URL: javascript:void(0);
2025-02-17 12:48:26,351 - INFO - Hyperlink - Text: detect this PC automatically, URL: javascript:void(0);
2025-02-17 12:48:26,351 - INFO - Hyperlink - Text: Find Articles, URL: https://www.dell.com/support/contents/en-in/category/product-support/self-support-knowledgebase
2025-02-17 12:48:26,351 - INFO - Hyperlink - Text: Watch Support Videos, URL: https://www.dell.com/support/contents/en-in/videos
2025-02-17 12:48:26,351 - INFO - Hyperlink - Text: Join Community, URL: https://www.dell.com/community/Dell-Community/ct-p/English?profile.language=en
2025-02-17 12:48:26,351 - INFO - Hyperlink - Text: Find Manuals, URL: https://www.dell.com/support/home/en-in?app=manuals
2025-02-17 12:48:26,351 - INFO - Hyperlink - Text: Resolve No Power, No POST, No Boot or No Video Issues, URL: https://www.dell.com/support/kbdoc/en-in/000125609/resolve-no-power-no-post-no-boot-or-no-video-issues
2025-02-17 12:48:26,351 - INFO - Hyperlink - Text: No Text, URL: https://www.dell.com/support/kbdoc/en-in/000125609/resolve-no-power-no-post-no-boot-or-no-video-issues
2025-02-17 12:48:26,351 - INFO - Hyperlink - Text: How To Troubleshoot No POST, No Power, No Video Issues on a Dell Desktop, URL: https://www.dell.com/support/kbdoc/en-in/000129583/how-to-troubleshoot-no-post-no-power-no-video-issues-on-a-dell-desktop
2025-02-17 12:48:26,351 - INFO - Hyperlink - Text: No Text, URL: https://www.dell.com/support/kbdoc/en-in/000129583/how-to-troubleshoot-no-post-no-power-no-video-issues-on-a-dell-desktop
2025-02-17 12:48:26,351 - INFO - Hyperlink - Text: How to Check Battery Health Status on Dell Laptops, URL: https://www.dell.com/support/kbdoc/en-in/000124397/how-to-check-battery-health-status-on-dell-laptops
2025-02-17 12:48:26,351 - INFO - Hyperlink - Text: No Text, URL: https://www.dell.com/support/kbdoc/en-in/000124397/how-to-check-battery-health-status-on-dell-laptops
2025-02-17 12:48:26,351 - INFO - Hyperlink - Text: BIOS Update Helps Prevent No Power and No POST Failure Modes, URL: https://www.dell.com/support/kbdoc/en-in/000211987/bios-update-helps-prevent-no-power-and-no-post-failure-modes
2025-02-17 12:48:26,352 - INFO - Hyperlink - Text: No Text, URL: https://www.dell.com/support/kbdoc/en-in/000211987/bios-update-helps-prevent-no-power-and-no-post-failure-modes
2025-02-17 12:48:26,352 - INFO - Hyperlink - Text: Dell Laptop Battery Warranty Support, URL: https://www.dell.com/support/kbdoc/en-in/000123808/dell-laptop-battery-warranty-support
2025-02-17 12:48:26,352 - INFO - Hyperlink - Text: No Text, URL: https://www.dell.com/support/kbdoc/en-in/000123808/dell-laptop-battery-warranty-support
2025-02-17 12:48:26,352 - INFO - Hyperlink - Text: Services management and analytics for IT infrastructure., URL: https://www.dell.com/support/myservice360/en-in
2025-02-17 12:48:26,352 - INFO - Hyperlink - Text: Procedures to install, upgrade and replace IT infrastructure., URL: https://solve.dell.com/solve/home
2025-02-17 12:48:26,352 - INFO - Hyperlink - Text: Self-dispatches and monitoring for client devices and servers., URL: https://techdirect.dell.com/portal/Login.aspx
2025-02-17 12:48:26,352 - INFO - Hyperlink - Text: Manage Subscriptions, URL: https://www.dell.com/support/home/en-in?app=licenses
2025-02-17 12:48:26,352 - INFO - Hyperlink - Text: Sign In, URL: https://www.dell.com/support/mps/en-in
2025-02-17 12:48:26,352 - INFO - Hyperlink - Text: Sign In, URL: https://www.dell.com/myaccount/en-in/overview
2025-02-17 12:48:26,352 - INFO - Hyperlink - Text: Contact Support, URL: https://www.dell.com/support/contents/en-in/category/contact-information
2025-02-17 12:48:26,352 - INFO - Hyperlink - Text: Contact Support, URL: #
2025-02-17 12:48:26,353 - INFO - Hyperlink - Text: Technical Support, URL: https://www.dell.com/support/incidents-online/ContactUs/Dynamic?spestate
2025-02-17 12:48:26,353 - INFO - Hyperlink - Text: Order Support, URL: https://www.dell.com/support/order-status/order-support?ta=ccs
2025-02-17 12:48:26,353 - INFO - Hyperlink - Text: IN/EN, URL: No URL
2025-02-17 12:48:26,353 - INFO - Hyperlink - Text: Site Map, URL: https://www.dell.com/en-in/sitemap
2025-02-17 12:48:26,353 - INFO - Hyperlink - Text: My Account, URL: https://www.dell.com/myaccount/en-in
2025-02-17 12:48:26,353 - INFO - Hyperlink - Text: Order Status, URL: https://www.dell.com/myaccount/en-in/orders
2025-02-17 12:48:26,353 - INFO - Hyperlink - Text: Profile Settings, URL: https://www.dell.com/myaccount/en-in/account-settings/profile
2025-02-17 12:48:26,353 - INFO - Hyperlink - Text: My Products, URL: https://www.dell.com/support/mps/en-in/myproducts
2025-02-17 12:48:26,354 - INFO - Hyperlink - Text: Support Home, URL: https://www.dell.com/support/home/en-in
2025-02-17 12:48:26,354 - INFO - Hyperlink - Text: Contact Technical Support, URL: https://www.dell.com/support/incidents-online/en-in/contactus/dynamic?spestate
2025-02-17 12:48:26,354 - INFO - Hyperlink - Text: Returns, URL: https://www.dell.com/en-in/lp/return-policy
2025-02-17 12:48:26,354 - INFO - Hyperlink - Text: Community, URL: https://www.dell.com/community/en/categories/dell-community
2025-02-17 12:48:26,354 - INFO - Hyperlink - Text: Contact Us, URL: https://www.dell.com/en-in/lp/contact-us
2025-02-17 12:48:26,354 - INFO - Hyperlink - Text: Site Map, URL: https://www.dell.com/en-in/sitemap
2025-02-17 12:48:26,354 - INFO - Hyperlink - Text: IN/EN, URL: No URL
2025-02-17 12:48:26,354 - INFO - Hyperlink - Text: Artificial Intelligence, URL: https://www.dell.com/en-in/dt/solutions/artificial-intelligence/index.htm
2025-02-17 12:48:26,355 - INFO - Hyperlink - Text: Products, URL: https://www.dell.com/en-in
2025-02-17 12:48:26,355 - INFO - Hyperlink - Text: Solutions, URL: https://www.dell.com/en-in/lp/dt/solutions
2025-02-17 12:48:26,355 - INFO - Hyperlink - Text: Services, URL: https://www.dell.com/en-in/lp/dt/services
2025-02-17 12:48:26,355 - INFO - Hyperlink - Text: Deals, URL: https://www.dell.com/en-in/shop/deals
2025-02-17 12:48:26,355 - INFO - Hyperlink - Text: Who We Are, URL: https://www.dell.com/en-in/lp/dt/who-we-are
2025-02-17 12:48:26,355 - INFO - Hyperlink - Text: Careers, URL: https://jobs.dell.com/
2025-02-17 12:48:26,355 - INFO - Hyperlink - Text: Dell Technologies Capital, URL: https://www.delltechnologiescapital.com
2025-02-17 12:48:26,356 - INFO - Hyperlink - Text: Investors, URL: https://investors.delltechnologies.com
2025-02-17 12:48:26,356 - INFO - Hyperlink - Text: Newsroom, URL: https://www.dell.com/en-in/dt/corporate/newsroom.htm
2025-02-17 12:48:26,356 - INFO - Hyperlink - Text: Recycling, URL: https://www.dell.com/en-in/dt/corporate/social-impact/reporting/policies-and-positions/weee-consumer-legislation.htm#tab0=1
2025-02-17 12:48:26,356 - INFO - Hyperlink - Text: ESG & Impact, URL: https://www.dell.com/en-in/dt/corporate/social-impact.htm
2025-02-17 12:48:26,356 - INFO - Hyperlink - Text: Customer Stories, URL: https://www.dell.com/en-in/lp/dt/customer-stories
2025-02-17 12:48:26,356 - INFO - Hyperlink - Text: Find a Partner, URL: https://dell.my.site.com/FindAPartner/s/partnersearch?language=en&country=in
2025-02-17 12:48:26,356 - INFO - Hyperlink - Text: OEM Solutions, URL: https://www.dell.com/en-in/lp/dt/oem-solutions
2025-02-17 12:48:26,356 - INFO - Hyperlink - Text: Partner Program, URL: https://www.delltechnologies.com/partner/en-in/partner/partner.htm
2025-02-17 12:48:26,357 - INFO - Hyperlink - Text: Blog, URL: https://www.dell.com/en-in/blog/
2025-02-17 12:48:26,357 - INFO - Hyperlink - Text: Dell Rewards, URL: https://www.dell.com/en-in/lp/dell-rewards-program
2025-02-17 12:48:26,357 - INFO - Hyperlink - Text: Events, URL: https://www.dell.com/en-in/dt/events/index.htm
2025-02-17 12:48:26,357 - INFO - Hyperlink - Text: Email Sign-Up, URL: https://campaign.dell.com/webApp/unifiedSignUp?lang=EN&country=IN
2025-02-17 12:48:26,357 - INFO - Hyperlink - Text: Privacy Centre, URL: https://www.dell.com/en-in/lp/privacy-center
2025-02-17 12:48:26,357 - INFO - Hyperlink - Text: Security & Trust Centre, URL: https://www.dell.com/en-in/dt/about-us/security-and-trust-center/index.htm
2025-02-17 12:48:26,357 - INFO - Hyperlink - Text: Trial Software Downloads, URL: https://www.dell.com/en-in/dt/software-downloads/index.htm
2025-02-17 12:48:26,357 - INFO - Hyperlink - Text: Dell Technologies, URL: https://www.dell.com/en-in
2025-02-17 12:48:26,358 - INFO - Hyperlink - Text: Dell Premier, URL: https://www.dell.com/en-in/lp/dt/dell-premier
2025-02-17 12:48:26,358 - INFO - Hyperlink - Text: Copyright © 2025 Dell Inc., URL: https://www.dell.com/en-in/lp/legal/site-terms-of-use-copyright
2025-02-17 12:48:26,358 - INFO - Hyperlink - Text: Terms of Sale, URL: https://www.dell.com/en-in/lp/legal/terms-of-sale
2025-02-17 12:48:26,358 - INFO - Hyperlink - Text: Privacy Statement, URL: https://www.dell.com/en-in/lp/legal/policies-privacy
2025-02-17 12:48:26,358 - INFO - Hyperlink - Text: Cookies, Ads & Emails, URL: https://www.dell.com/en-in/lp/legal/policies-cookies-ads-emails
2025-02-17 12:48:26,358 - INFO - Hyperlink - Text: Legal & Regulatory, URL: https://www.dell.com/en-in/lp/legal/terms
2025-02-17 12:48:26,358 - INFO - Hyperlink - Text: Accessibility, URL: https://www.dell.com/en-in/lp/accessibility
2025-02-17 12:48:26,360 - INFO - Button - Text: No Text
2025-02-17 12:48:26,360 - INFO - Button - Text: No Text
2025-02-17 12:48:26,360 - INFO - Button - Text: No Text
2025-02-17 12:48:26,361 - INFO - Button - Text: No Text
2025-02-17 12:48:26,361 - INFO - Button - Text: Support
2025-02-17 12:48:26,361 - INFO - Button - Text: Back
2025-02-17 12:48:26,361 - INFO - Button - Text: IN/EN
2025-02-17 12:48:26,361 - INFO - Button - Text: Back
2025-02-17 12:48:26,361 - INFO - Button - Text: Scan Hardware
2025-02-17 12:48:26,361 - INFO - Button - Text: Search
2025-02-17 12:48:26,361 - INFO - Button - Text: Select another device Select another device
2025-02-17 12:48:26,361 - INFO - Button - Text: Identify Or Search
2025-02-17 12:48:26,361 - INFO - Button - Text: Detect This PC View This PC
2025-02-17 12:48:26,361 - INFO - Button - Text: Recently Viewed
2025-02-17 12:48:26,361 - INFO - Button - Text: Browse All Products
2025-02-17 12:48:26,361 - INFO - Button - Text: My Products
2025-02-17 12:48:26,362 - INFO - Button - Text: Recommended
2025-02-17 12:48:26,362 - INFO - Button - Text: Recently Viewed
2025-02-17 12:48:26,362 - INFO - Button - Text: Most Popular
2025-02-17 12:48:26,362 - INFO - Button - Text: No Text
2025-02-17 12:48:26,362 - INFO - Button - Text: Account
2025-02-17 12:48:26,362 - INFO - Button - Text: Support
2025-02-17 12:48:26,362 - INFO - Button - Text: Connect with Us
2025-02-17 12:48:26,362 - INFO - Button - Text: Our Offerings
2025-02-17 12:48:26,362 - INFO - Button - Text: Our Company
2025-02-17 12:48:26,362 - INFO - Button - Text: Our Partners
2025-02-17 12:48:26,362 - INFO - Button - Text: Resources
2025-02-17 12:48:26,362 - INFO - Button - Text: No Text
